// Jest Snapshot v1, https://goo.gl/fbAQLP

exports[`Should render the Search component 1`] = `
<div>
  <div
    class="search-div"
  >
    <label>
      Search by Name:
      <input
        type="text"
        value="bob"
      />
    </label>
    <button>
      Search
    </button>
  </div>
</div>
`;
